2026-09-02 16:37:05,848 INFO o.a.j.u.JMeterUtils: Setting Locale to en_EN
2026-09-02 16:37:05,855 INFO o.a.j.JMeter: Loading user properties from: /Users/xujialiang/apache-jmeter-5.6.3/bin/user.properties
2026-09-02 16:37:05,856 INFO o.a.j.JMeter: Loading system properties from: /Users/xujialiang/apache-jmeter-5.6.3/bin/system.properties
2026-09-02 16:37:05,856 INFO o.a.j.JMeter: Setting JMeter property: host=localhost
2026-09-02 16:37:05,856 INFO o.a.j.JMeter: Setting JMeter property: port=8000
2026-09-02 16:37:05,858 INFO o.a.j.JMeter: Copyright (c) 1998-2024 The Apache Software Foundation
2026-09-02 16:37:05,858 INFO o.a.j.JMeter: Version 5.6.3
2026-09-02 16:37:05,858 INFO o.a.j.JMeter: java.version=17.0.20
2026-09-02 16:37:05,858 INFO o.a.j.JMeter: java.vm.name=OpenJDK 64-Bit Server VM
2026-09-02 16:37:05,858 INFO o.a.j.JMeter: os.name=Mac OS X
2026-09-02 16:37:05,858 INFO o.a.j.JMeter: os.arch=aarch64
2026-09-02 16:37:05,858 INFO o.a.j.JMeter: os.version=26.6.2
2026-09-02 16:37:05,858 INFO o.a.j.JMeter: file.encoding=UTF-8
2026-09-02 16:37:05,858 INFO o.a.j.JMeter: java.awt.headless=true
2026-09-02 16:37:05,858 INFO o.a.j.JMeter: Max memory     =1073741824
2026-09-02 16:37:05,858 INFO o.a.j.JMeter: Available Processors =18
2026-09-02 16:37:05,861 INFO o.a.j.JMeter: Default Locale=English (EN)
2026-09-02 16:37:05,861 INFO o.a.j.JMeter: JMeter  Locale=English (EN)
2026-09-02 16:37:05,861 INFO o.a.j.JMeter: JMeterHome=/Users/xujialiang/apache-jmeter-5.6.3
2026-09-02 16:37:05,861 INFO o.a.j.JMeter: user.dir  =/Users/xujialiang/Desktop/Dev/RabbitAI-Lab/RabbitProjects
2026-09-02 16:37:05,861 INFO o.a.j.JMeter: PWD       =/Users/xujialiang/Desktop/Dev/RabbitAI-Lab/RabbitProjects
2026-09-02 16:37:05,863 INFO o.a.j.JMeter: IP: 127.0.0.1 Name: xujialiangdeMacBook-Pro.local FullName: localhost
2026-09-02 16:37:05,866 INFO o.a.j.JMeter: Setting property 'jmeter.reportgenerator.outputdir' to:'/tmp/jmeter-report'
2026-09-02 16:37:05,867 INFO o.a.j.s.FileServer: Default base='/Users/xujialiang/Desktop/Dev/RabbitAI-Lab/RabbitProjects'
2026-09-02 16:37:05,867 INFO o.a.j.s.FileServer: Set new base='/Users/xujialiang/Desktop/Dev/RabbitAI-Lab/RabbitProjects/tests/jmeter'
2026-09-02 16:37:05,919 INFO o.a.j.s.SaveService: Testplan (JMX) version: 2.2. Testlog (JTL) version: 2.2
2026-09-02 16:37:05,927 INFO o.a.j.s.SaveService: Using SaveService properties version 5.0
2026-09-02 16:37:05,928 INFO o.a.j.s.SaveService: Using SaveService properties file encoding UTF-8
2026-09-02 16:37:05,929 INFO o.a.j.s.SaveService: Loading file: tests/jmeter/sprint-0-flow.jmx
2026-09-02 16:37:05,939 INFO o.a.j.p.h.c.CookieManager: Settings: Delete null: true Check: true Allow variable: true Save: false Prefix: COOKIE_
2026-09-02 16:37:05,946 INFO o.a.j.p.h.s.HTTPSamplerBase: Parser for text/html is org.apache.jmeter.protocol.http.parser.LagartoBasedHtmlParser
2026-09-02 16:37:05,946 INFO o.a.j.p.h.s.HTTPSamplerBase: Parser for application/xhtml+xml is org.apache.jmeter.protocol.http.parser.LagartoBasedHtmlParser
2026-09-02 16:37:05,946 INFO o.a.j.p.h.s.HTTPSamplerBase: Parser for application/xml is org.apache.jmeter.protocol.http.parser.LagartoBasedHtmlParser
2026-09-02 16:37:05,946 INFO o.a.j.p.h.s.HTTPSamplerBase: Parser for text/xml is org.apache.jmeter.protocol.http.parser.LagartoBasedHtmlParser
2026-09-02 16:37:05,946 INFO o.a.j.p.h.s.HTTPSamplerBase: Parser for text/vnd.wap.wml is org.apache.jmeter.protocol.http.parser.RegexpHTMLParser
2026-09-02 16:37:05,946 INFO o.a.j.p.h.s.HTTPSamplerBase: Parser for text/css is org.apache.jmeter.protocol.http.parser.CssParser
2026-09-02 16:37:05,955 INFO o.a.j.JMeter: Creating summariser <summary>
2026-09-02 16:37:05,958 INFO o.a.j.r.d.ReportGenerator: ReportGenerator will use for Parsing the separator: ','
2026-09-02 16:37:05,958 INFO o.a.j.r.d.ReportGenerator: Will generate report at end of test from  results file: /tmp/jmeter-result.jtl
2026-09-02 16:37:05,958 INFO o.a.j.r.d.ReportGenerator: Reading report generator properties from: /Users/xujialiang/apache-jmeter-5.6.3/bin/reportgenerator.properties
2026-09-02 16:37:05,958 INFO o.a.j.r.d.ReportGenerator: Merging with JMeter properties
2026-09-02 16:37:05,959 INFO o.a.j.r.c.ReportGeneratorConfiguration: Property 'jmeter.reportgenerator.temp_dir' not found, using default value 'temp' instead.
2026-09-02 16:37:05,960 INFO o.a.j.r.c.ReportGeneratorConfiguration: Property 'jmeter.reportgenerator.apdex_per_transaction' not found, using default value 'null' instead.
2026-09-02 16:37:05,960 INFO o.a.j.r.c.ReportGeneratorConfiguration: apdex_per_transaction is empty, not APDEX per transaction customization
2026-09-02 16:37:05,960 INFO o.a.j.r.c.ReportGeneratorConfiguration: Property 'jmeter.reportgenerator.sample_filter' not found, using default value 'null' instead.
2026-09-02 16:37:05,960 INFO o.a.j.r.c.ReportGeneratorConfiguration: Property 'jmeter.reportgenerator.report_title' not found, using default value 'null' instead.
2026-09-02 16:37:05,960 INFO o.a.j.r.c.ReportGeneratorConfiguration: Property 'jmeter.reportgenerator.start_date' not found, using default value 'null' instead.
2026-09-02 16:37:05,960 INFO o.a.j.r.c.ReportGeneratorConfiguration: Property 'jmeter.reportgenerator.end_date' not found, using default value 'null' instead.
2026-09-02 16:37:05,960 INFO o.a.j.r.c.ReportGeneratorConfiguration: Property 'jmeter.reportgenerator.date_format' not found, using default value 'null' instead.
2026-09-02 16:37:05,961 INFO o.a.j.r.c.ReportGeneratorConfiguration: Will use date range start date: null, end date: null
2026-09-02 16:37:05,962 INFO o.a.j.r.c.ReportGeneratorConfiguration: Property 'jmeter.reportgenerator.graph.totalTPS.exclude_controllers' not found, using default value 'false' instead.
2026-09-02 16:37:05,962 INFO o.a.j.r.c.ReportGeneratorConfiguration: Property 'jmeter.reportgenerator.graph.activeThreadsOverTime.exclude_controllers' not found, using default value 'false' instead.
2026-09-02 16:37:05,962 INFO o.a.j.r.c.ReportGeneratorConfiguration: Property 'jmeter.reportgenerator.graph.timeVsThreads.exclude_controllers' not found, using default value 'false' instead.
2026-09-02 16:37:05,962 INFO o.a.j.r.c.ReportGeneratorConfiguration: Property 'jmeter.reportgenerator.graph.responseTimeDistribution.exclude_controllers' not found, using default value 'false' instead.
2026-09-02 16:37:05,962 INFO o.a.j.r.c.ReportGeneratorConfiguration: Property 'jmeter.reportgenerator.graph.transactionsPerSecond.exclude_controllers' not found, using default value 'false' instead.
2026-09-02 16:37:05,962 INFO o.a.j.r.c.ReportGeneratorConfiguration: Property 'jmeter.reportgenerator.graph.responseTimePercentiles.exclude_controllers' not found, using default value 'false' instead.
2026-09-02 16:37:05,962 INFO o.a.j.r.c.ReportGeneratorConfiguration: Property 'jmeter.reportgenerator.graph.responseTimePercentilesOverTime.exclude_controllers' not found, using default value 'false' instead.
2026-09-02 16:37:05,962 INFO o.a.j.r.c.ReportGeneratorConfiguration: Property 'jmeter.reportgenerator.graph.responseTimesOverTime.exclude_controllers' not found, using default value 'false' instead.
2026-09-02 16:37:05,962 INFO o.a.j.r.c.ReportGeneratorConfiguration: Property 'jmeter.reportgenerator.graph.connectTimeOverTime.exclude_controllers' not found, using default value 'false' instead.
2026-09-02 16:37:05,962 INFO o.a.j.r.c.ReportGeneratorConfiguration: Property 'jmeter.reportgenerator.graph.latenciesOverTime.exclude_controllers' not found, using default value 'false' instead.
2026-09-02 16:37:05,962 INFO o.a.j.r.c.ReportGeneratorConfiguration: Property 'jmeter.reportgenerator.exporter.json.filters_only_sample_series' not found, using default value 'true' instead.
2026-09-02 16:37:05,962 INFO o.a.j.r.c.ReportGeneratorConfiguration: Property 'jmeter.reportgenerator.exporter.json.series_filter' not found, using default value '' instead.
2026-09-02 16:37:05,962 INFO o.a.j.r.c.ReportGeneratorConfiguration: Property 'jmeter.reportgenerator.exporter.json.show_controllers_only' not found, using default value 'false' instead.
2026-09-02 16:37:05,962 INFO o.a.j.r.c.ReportGeneratorConfiguration: Property 'jmeter.reportgenerator.exporter.html.filters_only_sample_series' not found, using default value 'true' instead.
2026-09-02 16:37:05,962 INFO o.a.j.r.c.ReportGeneratorConfiguration: Property 'jmeter.reportgenerator.exporter.html.series_filter' not found, using default value '' instead.
2026-09-02 16:37:05,962 INFO o.a.j.r.c.ReportGeneratorConfiguration: Property 'jmeter.reportgenerator.exporter.html.show_controllers_only' not found, using default value 'false' instead.
2026-09-02 16:37:05,966 INFO o.a.j.e.StandardJMeterEngine: Running the test!
2026-09-02 16:37:05,966 INFO o.a.j.s.SampleEvent: List of sample_variables: []
2026-09-02 16:37:05,966 INFO o.a.j.s.SampleEvent: List of sample_variables: []
2026-09-02 16:37:05,967 INFO o.a.j.e.u.CompoundVariable: Note: Function class names must contain the string: '.functions.'
2026-09-02 16:37:05,967 INFO o.a.j.e.u.CompoundVariable: Note: Function class names must not contain the string: '.gui.'
2026-09-02 16:37:05,996 INFO o.a.j.JMeter: Running test (1788338225996)
2026-09-02 16:37:06,005 INFO o.a.j.e.StandardJMeterEngine: Starting ThreadGroup: 1 : Sprint 0 E2E
2026-09-02 16:37:06,005 INFO o.a.j.e.StandardJMeterEngine: Starting 1 threads for group Sprint 0 E2E.
2026-09-02 16:37:06,005 INFO o.a.j.e.StandardJMeterEngine: Thread will continue on error
2026-09-02 16:37:06,005 INFO o.a.j.t.ThreadGroup: Starting thread group... number=1 threads=1 ramp-up=1 delayedStart=false
2026-09-02 16:37:06,007 INFO o.a.j.t.ThreadGroup: Started thread group number 1
2026-09-02 16:37:06,007 INFO o.a.j.e.StandardJMeterEngine: All thread groups have been started
2026-09-02 16:37:06,007 INFO o.a.j.t.JMeterThread: Thread started: Sprint 0 E2E 1-1
2026-09-02 16:37:06,011 INFO o.a.j.p.h.s.HTTPHCAbstractImpl: Local host = xujialiangdeMacBook-Pro.local
2026-09-02 16:37:06,013 INFO o.a.j.p.h.s.HTTPHC4Impl: HTTP request retry count = 0
2026-09-02 16:37:06,013 INFO o.a.j.s.SampleResult: Note: Sample TimeStamps are START times
2026-09-02 16:37:06,013 INFO o.a.j.s.SampleResult: sampleresult.default.encoding is set to UTF-8
2026-09-02 16:37:06,013 INFO o.a.j.s.SampleResult: sampleresult.useNanoTime=true
2026-09-02 16:37:06,013 INFO o.a.j.s.SampleResult: sampleresult.nanoThreadSleep=5000
2026-09-02 16:37:06,741 INFO o.a.j.t.JMeterThread: Thread is done: Sprint 0 E2E 1-1
2026-09-02 16:37:06,741 INFO o.a.j.t.JMeterThread: Thread finished: Sprint 0 E2E 1-1
2026-09-02 16:37:06,741 INFO o.a.j.e.StandardJMeterEngine: Notifying test listeners of end of test
2026-09-02 16:37:06,742 INFO o.a.j.r.Summariser: summary =      9 in 00:00:01 =   12.1/s Avg:    78 Min:     0 Max:   639 Err:     5 (55.56%)
2026-09-02 16:37:06,742 INFO o.a.j.JMeter: Generating Dashboard
2026-09-02 16:37:06,742 INFO o.a.j.r.d.ReportGenerator: Flushing result collector before report Generation
2026-09-02 16:37:06,748 INFO o.a.j.r.p.NormalizerSampleConsumer: Using format, 'ms', to parse timeStamp field
2026-09-02 16:37:06,768 INFO o.a.j.r.p.AbstractSampleConsumer: class org.apache.jmeter.report.processor.AggregateConsumer#stopProducing(): beginDate produced 0 samples
2026-09-02 16:37:06,768 INFO o.a.j.r.p.AbstractSampleConsumer: class org.apache.jmeter.report.processor.AggregateConsumer#stopProducing(): endDate produced 0 samples
2026-09-02 16:37:06,768 INFO o.a.j.r.p.AbstractSampleConsumer: class org.apache.jmeter.report.processor.ApdexSummaryConsumer#stopProducing(): apdexSummary produced 0 samples
2026-09-02 16:37:06,768 INFO o.a.j.r.p.AbstractSampleConsumer: class org.apache.jmeter.report.processor.RequestsSummaryConsumer#stopProducing(): requestsSummary produced 0 samples
2026-09-02 16:37:06,770 INFO o.a.j.r.p.AbstractSampleConsumer: class org.apache.jmeter.report.processor.StatisticsSummaryConsumer#stopProducing(): statisticsSummary produced 0 samples
2026-09-02 16:37:06,771 INFO o.a.j.r.p.AbstractSampleConsumer: class org.apache.jmeter.report.processor.Top5ErrorsBySamplerConsumer#stopProducing(): top5ErrorsBySampler produced 0 samples
2026-09-02 16:37:06,771 INFO o.a.j.r.p.AbstractSampleConsumer: class org.apache.jmeter.report.processor.ErrorsSummaryConsumer#stopProducing(): errorsSummary produced 0 samples
2026-09-02 16:37:06,771 INFO o.a.j.r.p.AbstractSampleConsumer: class org.apache.jmeter.report.processor.graph.impl.HitsPerSecondGraphConsumer#stopProducing(): hitsPerSecond produced 0 samples
2026-09-02 16:37:06,775 INFO o.a.j.r.p.AbstractSampleConsumer: class org.apache.jmeter.report.processor.graph.impl.LatencyVSRequestGraphConsumer#stopProducing(): latencyVsRequest produced 0 samples
2026-09-02 16:37:06,775 INFO o.a.j.r.p.AbstractSampleConsumer: class org.apache.jmeter.report.processor.graph.impl.SyntheticResponseTimeDistributionGraphConsumer#stopProducing(): syntheticResponseTimeDistribution produced 0 samples
2026-09-02 16:37:06,775 INFO o.a.j.r.p.AbstractSampleConsumer: class org.apache.jmeter.report.processor.graph.impl.BytesThroughputGraphConsumer#stopProducing(): bytesThroughputOverTime produced 0 samples
2026-09-02 16:37:06,775 INFO o.a.j.r.p.AbstractSampleConsumer: class org.apache.jmeter.report.processor.graph.impl.CodesPerSecondGraphConsumer#stopProducing(): codesPerSecond produced 0 samples
2026-09-02 16:37:06,776 INFO o.a.j.r.p.AbstractSampleConsumer: class org.apache.jmeter.report.processor.graph.impl.ResponseTimeVSRequestGraphConsumer#stopProducing(): responseTimeVsRequest produced 0 samples
2026-09-02 16:37:06,776 INFO o.a.j.r.p.AbstractSampleConsumer: class org.apache.jmeter.report.processor.FilterConsumer#stopProducing(): startIntervalControlerFilter produced 63 samples
2026-09-02 16:37:06,776 INFO o.a.j.r.p.AbstractSampleConsumer: class org.apache.jmeter.report.processor.graph.impl.TotalTPSGraphConsumer#stopProducing(): totalTPS produced 0 samples
2026-09-02 16:37:06,776 INFO o.a.j.r.p.AbstractSampleConsumer: class org.apache.jmeter.report.processor.graph.impl.ActiveThreadsGraphConsumer#stopProducing(): activeThreadsOverTime produced 0 samples
2026-09-02 16:37:06,776 INFO o.a.j.r.p.AbstractSampleConsumer: class org.apache.jmeter.report.processor.graph.impl.TimeVSThreadGraphConsumer#stopProducing(): timeVsThreads produced 0 samples
2026-09-02 16:37:06,776 INFO o.a.j.r.p.AbstractSampleConsumer: class org.apache.jmeter.report.processor.graph.impl.ResponseTimeDistributionGraphConsumer#stopProducing(): responseTimeDistribution produced 0 samples
2026-09-02 16:37:06,776 INFO o.a.j.r.p.AbstractSampleConsumer: class org.apache.jmeter.report.processor.graph.impl.TransactionsPerSecondGraphConsumer#stopProducing(): transactionsPerSecond produced 0 samples
2026-09-02 16:37:06,776 INFO o.a.j.r.p.AbstractSampleConsumer: class org.apache.jmeter.report.processor.graph.impl.ResponseTimePercentilesGraphConsumer#stopProducing(): responseTimePercentiles produced 0 samples
2026-09-02 16:37:06,777 INFO o.a.j.r.p.AbstractSampleConsumer: class org.apache.jmeter.report.processor.graph.impl.ResponseTimePercentilesOverTimeGraphConsumer#stopProducing(): responseTimePercentilesOverTime produced 0 samples
2026-09-02 16:37:06,777 INFO o.a.j.r.p.AbstractSampleConsumer: class org.apache.jmeter.report.processor.graph.impl.ResponseTimeOverTimeGraphConsumer#stopProducing(): responseTimesOverTime produced 0 samples
2026-09-02 16:37:06,777 INFO o.a.j.r.p.AbstractSampleConsumer: class org.apache.jmeter.report.processor.graph.impl.ConnectTimeOverTimeGraphConsumer#stopProducing(): connectTimeOverTime produced 0 samples
2026-09-02 16:37:06,777 INFO o.a.j.r.p.AbstractSampleConsumer: class org.apache.jmeter.report.processor.graph.impl.LatencyOverTimeGraphConsumer#stopProducing(): latenciesOverTime produced 0 samples
2026-09-02 16:37:06,777 INFO o.a.j.r.p.AbstractSampleConsumer: class org.apache.jmeter.report.processor.FilterConsumer#stopProducing(): nameFilter produced 135 samples
2026-09-02 16:37:06,777 INFO o.a.j.r.p.AbstractSampleConsumer: class org.apache.jmeter.report.processor.FilterConsumer#stopProducing(): dateRangeFilter produced 27 samples
2026-09-02 16:37:06,777 INFO o.a.j.r.p.AbstractSampleConsumer: class org.apache.jmeter.report.processor.NormalizerSampleConsumer#stopProducing(): normalizer produced 9 samples
2026-09-02 16:37:06,777 INFO o.a.j.r.p.CsvFileSampleSource: produce(): 9 samples produced in 22ms on channel 0
2026-09-02 16:37:06,777 INFO o.a.j.r.d.ReportGenerator: Exporting data using exporter:'json' of className:'org.apache.jmeter.report.dashboard.JsonExporter'
2026-09-02 16:37:06,800 INFO o.a.j.r.d.JsonExporter: Found data for consumer statisticsSummary in context
2026-09-02 16:37:06,800 INFO o.a.j.r.d.JsonExporter: Creating statistics for overall
2026-09-02 16:37:06,800 INFO o.a.j.r.d.JsonExporter: Creating statistics for other transactions
2026-09-02 16:37:06,800 INFO o.a.j.r.d.JsonExporter: Checking output folder
2026-09-02 16:37:06,800 INFO o.a.j.r.d.JsonExporter: Writing statistics JSON to /tmp/jmeter-report/statistics.json
2026-09-02 16:37:06,812 INFO o.a.j.r.d.ReportGenerator: Exporting data using exporter:'html' of className:'org.apache.jmeter.report.dashboard.HtmlTemplateExporter'
2026-09-02 16:37:06,813 INFO o.a.j.r.d.HtmlTemplateExporter: Will generate dashboard in folder: /tmp/jmeter-report
2026-09-02 16:37:06,850 INFO o.a.j.r.d.HtmlTemplateExporter: Report will be generated in: /tmp/jmeter-report, creating folder structure
2026-09-02 16:37:06,851 INFO o.a.j.r.d.TemplateVisitor: Copying folder from '/Users/xujialiang/apache-jmeter-5.6.3/bin/report-template' to '/tmp/jmeter-report', got message: /tmp/jmeter-report, found non empty folder with following content [/tmp/jmeter-report/statistics.json], will be ignored
2026-09-02 16:37:06,921 INFO o.a.j.JMeter: Dashboard generated
